de\felix\quiz\controller\QuizBuilder.class
de\felix\quiz\model\ImageOption.class
de\felix\quiz\view\OrderQuestionView$1.class
de\felix\quiz\Main.class
de\felix\quiz\view\QuizDesign.class
de\felix\quiz\controller\QuizLoader$3.class
de\felix\quiz\view\ImageChoiceQuestionView.class
de\felix\quiz\model\QuizData$ImageOption.class
de\felix\quiz\controller\QuizController.class
de\felix\quiz\view\OrderQuestionView.class
de\felix\quiz\view\DragDropAssignmentView.class
de\felix\quiz\view\DragDropAssignmentView$1.class
de\felix\quiz\controller\AppFiles.class
de\felix\quiz\model\QuizData.class
de\felix\quiz\model\QuestionType.class
de\felix\quiz\controller\QuizLoader.class
de\felix\quiz\interfaces\QuizListRefresh.class
de\felix\quiz\view\DragDropAssignmentView$2.class
de\felix\quiz\controller\QuizLoader$1.class
de\felix\quiz\view\MultipleChoiceQuestionView.class
de\felix\quiz\controller\QuizLoader$2.class
de\felix\quiz\view\SingleChoiceQuestionView.class
de\felix\quiz\controller\QuizBuilder$1.class
de\felix\quiz\view\FillInTheBlankQuestionView.class
de\felix\quiz\model\QuizData$Option.class
