C:\Users\frauch\OneDrive - WBSEDU\Dokumente\Kurse\Java\Projects\QuizApp\src\main\java\de\felix\quiz\controller\AppFiles.java
C:\Users\frauch\OneDrive - WBSEDU\Dokumente\Kurse\Java\Projects\QuizApp\src\main\java\de\felix\quiz\Main.java
C:\Users\frauch\OneDrive - WBSEDU\Dokumente\Kurse\Java\Projects\QuizApp\src\main\java\de\felix\quiz\controller\QuizBuilder.java
C:\Users\frauch\OneDrive - WBSEDU\Dokumente\Kurse\Java\Projects\QuizApp\src\main\java\de\felix\quiz\view\QuizDesign.java
C:\Users\frauch\OneDrive - WBSEDU\Dokumente\Kurse\Java\Projects\QuizApp\src\main\java\de\felix\quiz\view\SingleChoiceQuestionView.java
C:\Users\frauch\OneDrive - WBSEDU\Dokumente\Kurse\Java\Projects\QuizApp\src\main\java\de\felix\quiz\controller\QuizLoader.java
C:\Users\frauch\OneDrive - WBSEDU\Dokumente\Kurse\Java\Projects\QuizApp\src\main\java\de\felix\quiz\view\DragDropAssignmentView.java
C:\Users\frauch\OneDrive - WBSEDU\Dokumente\Kurse\Java\Projects\QuizApp\src\main\java\de\felix\quiz\interfaces\QuizListRefresh.java
C:\Users\frauch\OneDrive - WBSEDU\Dokumente\Kurse\Java\Projects\QuizApp\src\main\java\de\felix\quiz\view\MultipleChoiceQuestionView.java
C:\Users\frauch\OneDrive - WBSEDU\Dokumente\Kurse\Java\Projects\QuizApp\src\main\java\de\felix\quiz\view\ImageChoiceQuestionView.java
C:\Users\frauch\OneDrive - WBSEDU\Dokumente\Kurse\Java\Projects\QuizApp\src\main\java\de\felix\quiz\controller\QuizController.java
C:\Users\frauch\OneDrive - WBSEDU\Dokumente\Kurse\Java\Projects\QuizApp\src\main\java\de\felix\quiz\model\QuestionType.java
C:\Users\frauch\OneDrive - WBSEDU\Dokumente\Kurse\Java\Projects\QuizApp\src\main\java\de\felix\quiz\view\FillInTheBlankQuestionView.java
C:\Users\frauch\OneDrive - WBSEDU\Dokumente\Kurse\Java\Projects\QuizApp\src\main\java\de\felix\quiz\model\QuizData.java
C:\Users\frauch\OneDrive - WBSEDU\Dokumente\Kurse\Java\Projects\QuizApp\src\main\java\de\felix\quiz\view\OrderQuestionView.java
C:\Users\frauch\OneDrive - WBSEDU\Dokumente\Kurse\Java\Projects\QuizApp\src\main\java\de\felix\quiz\model\ImageOption.java
